===== sweep start 2026-05-12T16:58:32+09:00 =====
thresholds: 7000 15000  preserve_k=5  tag='ACON'  suffix='-v3'

===== [H=7000] run-benchmark 2026-05-12T16:58:32+09:00 =====
[H=7000] run-benchmark exit=0 2026-05-12T18:30:40+09:00
===== [H=7000] score 2026-05-12T18:30:40+09:00 =====
[H=7000] score exit=0
│ task_418 │   0.00 │   0.00 │  0.00 │          0/1 │    0 │ prediction        │
│          │        │        │       │              │      │ missing           │
│ task_420 │   0.00 │   1.00 │  0.00 │          0/1 │    1 │                   │
└──────────┴────────┴────────┴───────┴──────────────┴──────┴───────────────────┘
Total tasks: 50 | Average score: 0.4375

===== [H=15000] run-benchmark 2026-05-12T18:30:41+09:00 =====
[H=15000] run-benchmark exit=0 2026-05-12T19:46:24+09:00
===== [H=15000] score 2026-05-12T19:46:24+09:00 =====
[H=15000] score exit=0
│          │        │        │       │              │      │ missing           │
│ task_420 │   0.00 │   0.00 │  0.00 │          0/1 │    0 │ prediction        │
│          │        │        │       │              │      │ missing           │
└──────────┴────────┴────────┴───────┴──────────────┴──────┴───────────────────┘
Total tasks: 50 | Average score: 0.4983

===== sweep done 2026-05-12T19:46:26+09:00 =====
